// Jest Snapshot v1, https://goo.gl/fbAQLP

exports[`HomePage component renders the HomePage component correctly 1`] = `
<DocumentFragment>
  <div>
    <h1>
      Home Page
    </h1>
    <p>
      Welcome to the home page
    </p>
    <p>
      Redux toolkit is implemented, Redux state value: test value
    </p>
    <button
      class="MuiButtonBase-root MuiButton-root MuiButton-contained MuiButton-containedPrimary MuiButton-sizeMedium MuiButton-containedSizeMedium MuiButton-colorPrimary MuiButton-root MuiButton-contained MuiButton-containedPrimary MuiButton-sizeMedium MuiButton-containedSizeMedium MuiButton-colorPrimary css-1abvrni-MuiButtonBase-root-MuiButton-root"
      tabindex="0"
      type="button"
    >
      Go to About
    </button>
  </div>
</DocumentFragment>
`;

exports[`HomePage component renders the button correctly 1`] = `
<DocumentFragment>
  <div>
    <h1>
      Home Page
    </h1>
    <p>
      Welcome to the home page
    </p>
    <p>
      Redux toolkit is implemented, Redux state value: test value
    </p>
    <button
      class="MuiButtonBase-root MuiButton-root MuiButton-contained MuiButton-containedPrimary MuiButton-sizeMedium MuiButton-containedSizeMedium MuiButton-colorPrimary MuiButton-root MuiButton-contained MuiButton-containedPrimary MuiButton-sizeMedium MuiButton-containedSizeMedium MuiButton-colorPrimary css-1abvrni-MuiButtonBase-root-MuiButton-root"
      tabindex="0"
      type="button"
    >
      Go to About
    </button>
  </div>
</DocumentFragment>
`;
