// Jest Snapshot v1, https://goo.gl/fbAQLP

exports[`Button component renders CustomButton correctly 1`] = `
<DocumentFragment>
  <button
    class="MuiButtonBase-root MuiButton-root MuiButton-contained MuiButton-containedPrimary MuiButton-sizeMedium MuiButton-containedSizeMedium MuiButton-colorPrimary MuiButton-root MuiButton-contained MuiButton-containedPrimary MuiButton-sizeMedium MuiButton-containedSizeMedium MuiButton-colorPrimary css-1abvrni-MuiButtonBase-root-MuiButton-root"
    tabindex="0"
    type="button"
  >
    Click Me
  </button>
</DocumentFragment>
`;
